main.core.minimal
imopenlines.component.widget
main.polyfill.customevent
pull.component.status
ui.design-tokens
ui.vue
main.core.events
pull.client
pull.protobuf
rest.client
promise
im.component.dialog
im.view.message
im.view.message.body
im.view.element.media
ui.progressbarjs.uploader
ui.progressbarjs
ui.vue.vuex
ui.dexie
main.md5
im.model
im.lib.logger
im.lib.utils
im.const
main.date
ui.vue.components.audioplayer
main.polyfill.intersectionobserver
ui.vue.directives.lazyload
ui.icons
ui.icons.base
ui.icons.b24
ui.icons.disk
ui.icons.service
ui.vue.components.socialvideo
im.view.element.attach
im.view.element.keyboard
im.view.element.chatteaser
ui.vue.components.reaction
im.lib.animation
im.component.textarea
im.lib.localstorage
im.view.quotepanel
imopenlines.component.message
imopenlines.component.form
im.provider.rest
ui.vue.components.crm.form
main.polyfill.promise
im.controller
im.provider.pull
im.lib.timer
im.lib.cookie
im.lib.uploader
im.event-handler
im.lib.clipboard
ui.vue.components.smiles